sh: start: inaccessible or not found

Ray Trace Simulation Results (run: True)
--------------------------------
rays generated: 3000000
max bounces: 0
number of lights: 1
number of planes: 1

Light: light_1 (1)
	 pos: [0. 0. 5.], dir: [ 0.  0. -1.]
	 power: 1, num_rays: 3000000

Plane: ground (uid: 0)
	 pos: [0. 0. 0.], norm: [0. 0. 1.]
	 length: 20, width: 20
	 hits: 1922347
	 type: TransmissionTypes.absorb
min 	1   	5   	10  	mean 	std  	90   	95   	99   	max   
15.0	26.0	36.0	46.0	196.0	200.0	498.0	674.0	910.0	1030.0
min   	1    	5    	10   	mean	std 	90  	95  	99  	max 
0.0765	0.133	0.184	0.235	1.0 	1.02	2.54	3.44	4.64	5.26
hi
