Platform: macOS arm64 / CPython 3.12; not a HarmonyOS device build
Command: python -m build --no-isolation
* Getting build dependencies for sdist...
running egg_info
creating src/raytracepy.egg-info
writing src/raytracepy.egg-info/PKG-INFO
writing dependency_links to src/raytracepy.egg-info/dependency_links.txt
writing requirements to src/raytracepy.egg-info/requires.txt
writing top-level names to src/raytracepy.egg-info/top_level.txt
writing manifest file 'src/raytracepy.egg-info/SOURCES.txt'
reading manifest file 'src/raytracepy.egg-info/SOURCES.txt'
adding license file 'LICENSE.txt'
writing manifest file 'src/raytracepy.egg-info/SOURCES.txt'
WARNING License classifiers are deprecated.
!!

        ********************************************************************************
        Please consider removing the following classifiers in favor of a SPDX license expression:

        License :: OSI Approved :: BSD License

        See https://packaging.python.org/en/latest/guides/writing-pyproject-toml/#license for details.
        ********************************************************************************

!!
* Building sdist...
running sdist
running egg_info
writing src/raytracepy.egg-info/PKG-INFO
writing dependency_links to src/raytracepy.egg-info/dependency_links.txt
writing requirements to src/raytracepy.egg-info/requires.txt
writing top-level names to src/raytracepy.egg-info/top_level.txt
reading manifest file 'src/raytracepy.egg-info/SOURCES.txt'
adding license file 'LICENSE.txt'
writing manifest file 'src/raytracepy.egg-info/SOURCES.txt'
running check
creating raytracepy-0.0.1
creating raytracepy-0.0.1/src/raytracepy
creating raytracepy-0.0.1/src/raytracepy.egg-info
creating raytracepy-0.0.1/src/raytracepy/ref_data
creating raytracepy-0.0.1/src/raytracepy/theory
creating raytracepy-0.0.1/src/raytracepy/utils
creating raytracepy-0.0.1/tests
copying files to raytracepy-0.0.1...
copying LICENSE.txt -> raytracepy-0.0.1
copying README.md -> raytracepy-0.0.1
copying pyproject.toml -> raytracepy-0.0.1
copying setup.cfg -> raytracepy-0.0.1
copying setup.py -> raytracepy-0.0.1
copying src/raytracepy/__init__.py -> raytracepy-0.0.1/src/raytracepy
copying src/raytracepy/config.py -> raytracepy-0.0.1/src/raytracepy
copying src/raytracepy/core.py -> raytracepy-0.0.1/src/raytracepy
copying src/raytracepy/light.py -> raytracepy-0.0.1/src/raytracepy
copying src/raytracepy/light_layouts.py -> raytracepy-0.0.1/src/raytracepy
copying src/raytracepy/light_plane_funcs.py -> raytracepy-0.0.1/src/raytracepy
copying src/raytracepy/plane.py -> raytracepy-0.0.1/src/raytracepy
copying src/raytracepy/raytrace.py -> raytracepy-0.0.1/src/raytracepy
copying src/raytracepy.egg-info/PKG-INFO -> raytracepy-0.0.1/src/raytracepy.egg-info
copying src/raytracepy.egg-info/SOURCES.txt -> raytracepy-0.0.1/src/raytracepy.egg-info
copying src/raytracepy.egg-info/dependency_links.txt -> raytracepy-0.0.1/src/raytracepy.egg-info
copying src/raytracepy.egg-info/not-zip-safe -> raytracepy-0.0.1/src/raytracepy.egg-info
copying src/raytracepy.egg-info/requires.txt -> raytracepy-0.0.1/src/raytracepy.egg-info
copying src/raytracepy.egg-info/top_level.txt -> raytracepy-0.0.1/src/raytracepy.egg-info
copying src/raytracepy/ref_data/__init__.py -> raytracepy-0.0.1/src/raytracepy/ref_data
copying src/raytracepy/ref_data/ground_glass_diffuser.py -> raytracepy-0.0.1/src/raytracepy/ref_data
copying src/raytracepy/ref_data/ground_glass_transmit.py -> raytracepy-0.0.1/src/raytracepy/ref_data
copying src/raytracepy/ref_data/led.py -> raytracepy-0.0.1/src/raytracepy/ref_data
copying src/raytracepy/ref_data/utils_ref_data.py -> raytracepy-0.0.1/src/raytracepy/ref_data
copying src/raytracepy/theory/__init__.py -> raytracepy-0.0.1/src/raytracepy/theory
copying src/raytracepy/theory/point_source.py -> raytracepy-0.0.1/src/raytracepy/theory
copying src/raytracepy/utils/__init__.py -> raytracepy-0.0.1/src/raytracepy/utils
copying src/raytracepy/utils/analysis_func.py -> raytracepy-0.0.1/src/raytracepy/utils
copying src/raytracepy/utils/sig_figs.py -> raytracepy-0.0.1/src/raytracepy/utils
copying tests/test_import.py -> raytracepy-0.0.1/tests
copying tests/test_minimal_simulation.py -> raytracepy-0.0.1/tests
copying tests/test_reference_artifacts.py -> raytracepy-0.0.1/tests
Writing raytracepy-0.0.1/setup.cfg
Creating tar archive
removing 'raytracepy-0.0.1' (and everything under it)
WARNING License classifiers are deprecated.
!!

        ********************************************************************************
        Please consider removing the following classifiers in favor of a SPDX license expression:

        License :: OSI Approved :: BSD License

        See https://packaging.python.org/en/latest/guides/writing-pyproject-toml/#license for details.
        ********************************************************************************

!!
* Building wheel from sdist
* Getting build dependencies for wheel...
running egg_info
writing src/raytracepy.egg-info/PKG-INFO
writing dependency_links to src/raytracepy.egg-info/dependency_links.txt
writing requirements to src/raytracepy.egg-info/requires.txt
writing top-level names to src/raytracepy.egg-info/top_level.txt
reading manifest file 'src/raytracepy.egg-info/SOURCES.txt'
adding license file 'LICENSE.txt'
writing manifest file 'src/raytracepy.egg-info/SOURCES.txt'
WARNING License classifiers are deprecated.
!!

        ********************************************************************************
        Please consider removing the following classifiers in favor of a SPDX license expression:

        License :: OSI Approved :: BSD License

        See https://packaging.python.org/en/latest/guides/writing-pyproject-toml/#license for details.
        ********************************************************************************

!!
* Building wheel...
running bdist_wheel
running build
running build_py
creating build/lib/raytracepy
copying src/raytracepy/config.py -> build/lib/raytracepy
copying src/raytracepy/light_layouts.py -> build/lib/raytracepy
copying src/raytracepy/light.py -> build/lib/raytracepy
copying src/raytracepy/__init__.py -> build/lib/raytracepy
copying src/raytracepy/core.py -> build/lib/raytracepy
copying src/raytracepy/raytrace.py -> build/lib/raytracepy
copying src/raytracepy/light_plane_funcs.py -> build/lib/raytracepy
copying src/raytracepy/plane.py -> build/lib/raytracepy
creating build/lib/raytracepy/theory
copying src/raytracepy/theory/point_source.py -> build/lib/raytracepy/theory
copying src/raytracepy/theory/__init__.py -> build/lib/raytracepy/theory
creating build/lib/raytracepy/utils
copying src/raytracepy/utils/sig_figs.py -> build/lib/raytracepy/utils
copying src/raytracepy/utils/__init__.py -> build/lib/raytracepy/utils
copying src/raytracepy/utils/analysis_func.py -> build/lib/raytracepy/utils
creating build/lib/raytracepy/ref_data
copying src/raytracepy/ref_data/led.py -> build/lib/raytracepy/ref_data
copying src/raytracepy/ref_data/ground_glass_transmit.py -> build/lib/raytracepy/ref_data
copying src/raytracepy/ref_data/__init__.py -> build/lib/raytracepy/ref_data
copying src/raytracepy/ref_data/utils_ref_data.py -> build/lib/raytracepy/ref_data
copying src/raytracepy/ref_data/ground_glass_diffuser.py -> build/lib/raytracepy/ref_data
running egg_info
writing src/raytracepy.egg-info/PKG-INFO
writing dependency_links to src/raytracepy.egg-info/dependency_links.txt
writing requirements to src/raytracepy.egg-info/requires.txt
writing top-level names to src/raytracepy.egg-info/top_level.txt
reading manifest file 'src/raytracepy.egg-info/SOURCES.txt'
adding license file 'LICENSE.txt'
writing manifest file 'src/raytracepy.egg-info/SOURCES.txt'
installing to build/bdist.macosx-11.0-arm64/wheel
running install
running install_lib
creating build/bdist.macosx-11.0-arm64/wheel
creating build/bdist.macosx-11.0-arm64/wheel/raytracepy
copying build/lib/raytracepy/config.py -> build/bdist.macosx-11.0-arm64/wheel/./raytracepy
copying build/lib/raytracepy/light_layouts.py -> build/bdist.macosx-11.0-arm64/wheel/./raytracepy
copying build/lib/raytracepy/light.py -> build/bdist.macosx-11.0-arm64/wheel/./raytracepy
creating build/bdist.macosx-11.0-arm64/wheel/raytracepy/theory
copying build/lib/raytracepy/theory/point_source.py -> build/bdist.macosx-11.0-arm64/wheel/./raytracepy/theory
copying build/lib/raytracepy/theory/__init__.py -> build/bdist.macosx-11.0-arm64/wheel/./raytracepy/theory
copying build/lib/raytracepy/__init__.py -> build/bdist.macosx-11.0-arm64/wheel/./raytracepy
copying build/lib/raytracepy/core.py -> build/bdist.macosx-11.0-arm64/wheel/./raytracepy
creating build/bdist.macosx-11.0-arm64/wheel/raytracepy/utils
copying build/lib/raytracepy/utils/sig_figs.py -> build/bdist.macosx-11.0-arm64/wheel/./raytracepy/utils
copying build/lib/raytracepy/utils/__init__.py -> build/bdist.macosx-11.0-arm64/wheel/./raytracepy/utils
copying build/lib/raytracepy/utils/analysis_func.py -> build/bdist.macosx-11.0-arm64/wheel/./raytracepy/utils
copying build/lib/raytracepy/raytrace.py -> build/bdist.macosx-11.0-arm64/wheel/./raytracepy
copying build/lib/raytracepy/light_plane_funcs.py -> build/bdist.macosx-11.0-arm64/wheel/./raytracepy
creating build/bdist.macosx-11.0-arm64/wheel/raytracepy/ref_data
copying build/lib/raytracepy/ref_data/led.py -> build/bdist.macosx-11.0-arm64/wheel/./raytracepy/ref_data
copying build/lib/raytracepy/ref_data/ground_glass_transmit.py -> build/bdist.macosx-11.0-arm64/wheel/./raytracepy/ref_data
copying build/lib/raytracepy/ref_data/__init__.py -> build/bdist.macosx-11.0-arm64/wheel/./raytracepy/ref_data
copying build/lib/raytracepy/ref_data/utils_ref_data.py -> build/bdist.macosx-11.0-arm64/wheel/./raytracepy/ref_data
copying build/lib/raytracepy/ref_data/ground_glass_diffuser.py -> build/bdist.macosx-11.0-arm64/wheel/./raytracepy/ref_data
copying build/lib/raytracepy/plane.py -> build/bdist.macosx-11.0-arm64/wheel/./raytracepy
running install_egg_info
Copying src/raytracepy.egg-info to build/bdist.macosx-11.0-arm64/wheel/./raytracepy-0.0.1-py3.12.egg-info
running install_scripts
creating build/bdist.macosx-11.0-arm64/wheel/raytracepy-0.0.1.dist-info/WHEEL
creating '/Users/wjl/nju/grade3/harmonyos/raytracepy/dist/.tmp-5kf505mb/raytracepy-0.0.1-py3-none-any.whl' and adding 'build/bdist.macosx-11.0-arm64/wheel' to it
adding 'raytracepy/__init__.py'
adding 'raytracepy/config.py'
adding 'raytracepy/core.py'
adding 'raytracepy/light.py'
adding 'raytracepy/light_layouts.py'
adding 'raytracepy/light_plane_funcs.py'
adding 'raytracepy/plane.py'
adding 'raytracepy/raytrace.py'
adding 'raytracepy/ref_data/__init__.py'
adding 'raytracepy/ref_data/ground_glass_diffuser.py'
adding 'raytracepy/ref_data/ground_glass_transmit.py'
adding 'raytracepy/ref_data/led.py'
adding 'raytracepy/ref_data/utils_ref_data.py'
adding 'raytracepy/theory/__init__.py'
adding 'raytracepy/theory/point_source.py'
adding 'raytracepy/utils/__init__.py'
adding 'raytracepy/utils/analysis_func.py'
adding 'raytracepy/utils/sig_figs.py'
adding 'raytracepy-0.0.1.dist-info/licenses/LICENSE.txt'
adding 'raytracepy-0.0.1.dist-info/METADATA'
adding 'raytracepy-0.0.1.dist-info/WHEEL'
adding 'raytracepy-0.0.1.dist-info/top_level.txt'
adding 'raytracepy-0.0.1.dist-info/RECORD'
removing build/bdist.macosx-11.0-arm64/wheel
WARNING License classifiers are deprecated.
!!

        ********************************************************************************
        Please consider removing the following classifiers in favor of a SPDX license expression:

        License :: OSI Approved :: BSD License

        See https://packaging.python.org/en/latest/guides/writing-pyproject-toml/#license for details.
        ********************************************************************************

!!
Successfully built raytracepy-0.0.1.tar.gz and raytracepy-0.0.1-py3-none-any.whl

exit_code=0
